// Jest Snapshot v1, https://goo.gl/fbAQLP

exports[`basic snapshot - only default props 1`] = `
<DocumentFragment>
  <div
    class="MuiSnackbar-root MuiSnackbar-anchorOriginBottomCenter"
  >
    <p
      class="MuiTypography-root MuiPaper-root MuiPaper-elevation6 makeStyles-info-13 MuiTypography-body1"
      direction="up"
      message="Test message"
      props="[object Object]"
      role="alertdialog"
      style="opacity: 1; transform: scale(1, 1); transition: opacity 225ms cubic-bezier(0.4, 0, 0.2, 1) 0ms,transform 150ms cubic-bezier(0.4, 0, 0.2, 1) 0ms;"
    />
    <div
      class="makeStyles-message-8"
    >
      Test message
    </div>
    <p />
  </div>
</DocumentFragment>
`;
